
> punctum-picture@0.1.0 test
> vitest run tests/unit/miranda-compression.spec.ts


[1m[30m[46m RUN [49m[39m[22m [36mv4.1.10 [39m[90m/home/runner/work/Punctum-Picture/Punctum-Picture[39m

 [31m❯[39m tests/unit/miranda-compression.spec.ts [2m([22m[2m0 test[22m[2m)[22m

[31m⎯⎯⎯⎯⎯⎯[39m[1m[41m Failed Suites 1 [49m[22m[31m⎯⎯⎯⎯⎯⎯⎯[39m

[41m[1m FAIL [22m[49m tests/unit/miranda-compression.spec.ts[2m [ tests/unit/miranda-compression.spec.ts ][22m
[31m[1mError[22m: no such file or directory, readAll '/bundle/app/components/MirandaHome.tsx'[39m
[90m [2m❯[22m node-internal:internal_fs_sync:[2m365:21[22m[39m
[90m [2m❯[22m readFileSync node-internal:internal_fs_sync:[2m366:7[22m[39m
[36m [2m❯[22m tests/unit/miranda-compression.spec.ts:[2m4:14[22m[39m
    [90m  2|[39m [35mimport[39m { describe[33m,[39m expect[33m,[39m it } [35mfrom[39m [32m"vitest"[39m[33m;[39m
    [90m  3|[39m
    [90m  4|[39m [35mconst[39m home [33m=[39m [34mreadFileSync[39m([32m"app/components/MirandaHome.tsx"[39m[33m,[39m [32m"utf8"[39m)[33m;[39m
    [90m   |[39m              [31m^[39m
    [90m  5|[39m const styles = readFileSync("app/components/MirandaHome.module.css", "…
    [90m  6|[39m

[31m[2m⎯⎯⎯⎯⎯⎯⎯⎯⎯⎯⎯⎯⎯⎯⎯⎯⎯⎯⎯⎯⎯⎯⎯⎯[1/1]⎯[22m[39m


[2m Test Files [22m [1m[31m1 failed[39m[22m[90m (1)[39m
[2m      Tests [22m [2mno tests[22m
[2m   Start at [22m 01:01:11
[2m   Duration [22m 690ms[2m (transform 18ms, setup 0ms, import 0ms, tests 0ms, environment 0ms)[22m


::error file=/home/runner/work/Punctum-Picture/Punctum-Picture/tests/unit/miranda-compression.spec.ts,title=tests/unit/miranda-compression.spec.ts,line=4,column=14::Error: no such file or directory, readAll '/bundle/app/components/MirandaHome.tsx'%0A ❯ node-internal:internal_fs_sync:365:21%0A ❯ readFileSync node-internal:internal_fs_sync:366:7%0A ❯ tests/unit/miranda-compression.spec.ts:4:14%0A%0A⎯⎯⎯⎯⎯⎯⎯⎯⎯⎯⎯⎯⎯⎯⎯⎯⎯⎯⎯⎯⎯⎯⎯⎯⎯⎯⎯⎯⎯⎯%0ASerialized Error: { syscall: 'readAll', code: 'ENOENT', path: '/bundle/app/components/MirandaHome.tsx' }%0A
